0000 0000	0	1000 0000 0000 0000	.... .... .... ....
0000 0001	0	0010 0000 0000 0000	.... .... .... ....
0000 0010	0	0000 0000 0000 0111	.... .... .... ....
0000 0011	0	0000 0000 0000 0001	.... .... .... ....
0000 0100	0	0001 1111 1101 1101	.... .... .... ....
0000 0101	1	1111 1111 1111 1110	.... .... .... ....
0000 0110	0	0000 0000 0000 0000	.... .... .... ....
0000 0111	1	1111 1010 1101 1111	.... .... .... ....
0000 1000	0	1011 1011 1110 1101	.... .... .... ....
0000 1001	1	1010 1101 0001 0010	.... .... .... ....
0000 1010	1	0000 0000 0000 0000	.... .... .... ....
0000 1011	0	0010 1101 0111 0000	.... .... .... ....
0000 1100	0	0000 0000 0000 0001	.... .... .... ....
0000 1101	1	0000 0000 0000 0000	.... .... .... ....
0000 1110	1	0011 1010 0001 0000	.... .... .... ....
0000 1111	0	1100 0000 0000 0000	.... .... .... ....
0001 0000	1	0000 0000 0000 0000	.... .... .... ....
