0000 0000	0	0000 0000 0000 0001	.... .... .... ....
0000 0001	0	0000 0000 0000 0000	.... .... .... ....
0000 0010	1	0000 0000 0000 0000	.... .... .... ....
0000 0011	1	0000 0000 0000 0000	.... .... .... ....
0000 0100	0	0000 0000 0000 0000	.... .... .... ....
0000 0101	0	0000 0000 0000 0001	.... .... .... ....
0000 0110	0	0000 0000 0000 0001	.... .... .... ....
0000 0111	0	0000 0000 0000 0000	.... .... .... ....
0000 1000	1	0000 0000 0000 0000	.... .... .... ....
