0000 0000	0	0001 0111 1101 1111	0000 0000 0000 0000
0000 0001	0	0100 1001 1000 0011	1010 0110 0001 0100
0000 0010	0	0111 1111 1111 1111	0000 0000 0000 0000
0000 0011	0	0000 0000 0000 0000	0000 0000 0000 0000
