0000 0000	0	0000 0000 0000 0000	.... .... .... ....
0000 0001	0	0000 0000 0000 0000	.... .... .... ....
0000 0010	0	1010 1011 1100 1101	.... .... .... ....
0000 0011	0	1111 1111 1111 1111	.... .... .... ....
0000 0100	0	1111 1111 1111 1111	.... .... .... ....
0000 0101	0	1101 1111 1111 1110	.... .... .... ....
0000 0110	1	0000 0000 0000 0000	.... .... .... ....
0000 0111	0	1010 1010 1010 1010	.... .... .... ....
0000 1000	0	1110 1000 1110 1100	.... .... .... ....
0000 1001	1	0000 0000 0000 0000	.... .... .... ....
