0000 0000	0	1111 1111 0000 0000	.... .... .... ....
0000 0001	0	1000 0000 0000 0000	.... .... .... ....
0000 0010	0	1110 1010 1101 0000	.... .... .... ....
0000 0011	0	1111 1011 1011 1100	.... .... .... ....
0000 0100	0	0000 0000 1111 1111	.... .... .... ....
0000 0101	0	0000 0000 0000 0010	.... .... .... ....
0000 0110	0	0000 1101 1110 1010	.... .... .... ....
0000 0111	0	0010 1111 1011 1011	.... .... .... ....
0000 1000	1	0000 0000 0000 0000	.... .... .... ....
