0000 0000	0000 0000 0000 0000	0000 0000 0000 0000	0000 0000 0000 0000	0000 0000 0000 0000	0000 0000 0000 0000	0000 0000 0000 0000	0000 0000 0000 0000
0000 0001	1011 1110 1110 1111	0000 0000 0000 0000	0000 0000 0000 0000	0000 0000 0000 0000	0000 0000 0000 0000	0000 0000 0000 0000	1011 1110 1110 1111
0000 0010	0000 0000 0000 0000	0000 1011 1010 1101	0000 0000 0000 0000	0000 0000 0000 0000	0000 0000 0000 0000	0000 1011 1010 1101	0000 0000 0000 0000
0000 0011	0000 0000 0000 0000	0000 0000 0000 0000	1111 0000 0000 1101	0000 0000 0000 0000	0000 0000 0000 0000	0000 0000 0000 0000	1111 0000 0000 1101
0000 0100	0000 0000 0000 0000	0000 0000 0000 0000	1111 0000 0000 1101	0000 0000 0000 0000	0000 0000 0000 0000	0000 0000 0000 0000	1111 0000 0000 1101
0000 0101	0000 0000 0000 0000	0000 0000 0000 0000	0000 0000 0000 0000	0101 0110 0111 1000	0000 0000 0000 0000	0000 0000 0000 0000	0000 0000 0000 0000