0000 0000 0000 0000	0000 0000 0000 0000	0000 0000 0000 0000	0000 0000 0000 0000	0000 0000 0000 0000	0000 0000 0000 0000	0000 0000 0000 0000	0000 0000 0000 0000	0000 0000 0000 0000	0110 0100 0000 0001
0000 0000 0000 0000	0000 0000 0000 0000	0000 0000 0000 0000	0000 0000 0000 0000	0000 0000 0000 0000	0000 0000 0000 0000	0000 0000 0000 0000	0000 0000 0000 0001	0000 0000 0000 0010	0110 1000 0000 0100
0000 0000 0000 0001	0000 0000 0000 0000	0000 0000 0000 0000	0000 0000 0000 0000	0000 0000 0000 0000	0000 0000 0000 0000	0000 0000 0000 0000	0000 0000 0000 0010	0000 0000 0000 0100	0000 0110 1010 0000
0000 0000 0000 0001	0000 0000 0000 0000	0000 0000 0000 0100	0000 0000 0000 0000	0000 0000 0000 0000	0000 0000 0000 0000	0000 0000 0000 0000	0000 0000 0000 0011	0000 0000 0000 0110	0000 0000 0000 0000
0000 0000 0000 0001	0000 0000 0001 0000	0000 0000 0000 0100	0000 0000 0000 0000	0000 0000 0000 0000	0000 0000 0000 0000	0000 0000 0000 0000	0000 0000 0000 0100	0000 0000 0000 1000	0000 0000 0000 0000
